// Vitest Snapshot v1, https://vitest.dev/guide/snapshot.html

exports[`generateInitSql > generates DataGen seeding for Kafka tables 1`] = `
"CREATE TEMPORARY TABLE \`_datagen_ecom_orders\` (
  \`orderId\` STRING,
  \`amount\` DOUBLE
) WITH (
  'connector' = 'datagen',
  'rows-per-second' = '10'
);

INSERT INTO \`ecom\`.\`default\`.\`orders\` SELECT * FROM \`_datagen_ecom_orders\`;"
`;

exports[`generateInitSql > generates JDBC catalog SQL from config 1`] = `
"CREATE CATALOG \`my_db\` WITH (
  'type' = 'jdbc',
  'base-url' = 'jdbc:postgresql://myhost:5432/',
  'default-database' = 'mydb',
  'username' = 'admin',
  'password' = 'secret'
);"
`;

exports[`generateInitSql > generates Kafka table with debezium-json format and primary key 1`] = `
"CREATE CATALOG \`banking\` WITH ('type' = 'generic_in_memory');

USE CATALOG \`banking\`;

CREATE TABLE IF NOT EXISTS \`accounts\` (
  \`accountId\` STRING,
  \`name\` STRING,
  \`balance\` DOUBLE,
  PRIMARY KEY (\`accountId\`) NOT ENFORCED
) WITH (
  'connector' = 'kafka',
  'topic' = 'bank.accounts',
  'properties.bootstrap.servers' = 'kafka:9092',
  'scan.startup.mode' = 'earliest-offset',
  'format' = 'debezium-json'
);

USE CATALOG \`default_catalog\`;"
`;

exports[`generateInitSql > generates built-in JDBC catalogs when includeBuiltinJdbc is true 1`] = `
"CREATE CATALOG \`pagila\` WITH (
  'type' = 'jdbc',
  'base-url' = 'jdbc:postgresql://postgres:5432/',
  'default-database' = 'pagila',
  'username' = 'reactor',
  'password' = 'reactor'
);
CREATE CATALOG \`chinook\` WITH (
  'type' = 'jdbc',
  'base-url' = 'jdbc:postgresql://postgres:5432/',
  'default-database' = 'chinook',
  'username' = 'reactor',
  'password' = 'reactor'
);
CREATE CATALOG \`employees\` WITH (
  'type' = 'jdbc',
  'base-url' = 'jdbc:postgresql://postgres:5432/',
  'default-database' = 'employees',
  'username' = 'reactor',
  'password' = 'reactor'
);
CREATE CATALOG \`flink_sink\` WITH (
  'type' = 'jdbc',
  'base-url' = 'jdbc:postgresql://postgres:5432/',
  'default-database' = 'flink_sink',
  'username' = 'reactor',
  'password' = 'reactor'
);"
`;

exports[`generateInitSql > generates per-domain Kafka catalog with append-only table 1`] = `
"CREATE CATALOG \`ecom\` WITH ('type' = 'generic_in_memory');

USE CATALOG \`ecom\`;

CREATE TABLE IF NOT EXISTS \`orders\` (
  \`orderId\` STRING,
  \`amount\` DOUBLE,
  \`orderTime\` TIMESTAMP(3),
  WATERMARK FOR \`orderTime\` AS orderTime - INTERVAL '5' SECOND
) WITH (
  'connector' = 'kafka',
  'topic' = 'ecom.orders',
  'properties.bootstrap.servers' = 'kafka:9092',
  'scan.startup.mode' = 'earliest-offset',
  'format' = 'json'
);

USE CATALOG \`default_catalog\`;"
`;
